../Core/Src/main.c:70:5:_write	1
../Core/Src/main.c:82:5:main	1
../Core/Src/main.c:130:6:SystemClock_Config	4
../Core/Src/main.c:181:13:MX_DAC1_Init	3
../Core/Src/main.c:224:13:MX_TIM2_Init	4
../Core/Src/main.c:269:13:MX_TIM3_Init	4
../Core/Src/main.c:314:13:MX_USART2_UART_Init	2
../Core/Src/main.c:349:13:MX_GPIO_Init	1
../Core/Src/main.c:387:5:Signal_Handler	7
../Core/Src/main.c:421:6:HAL_GPIO_EXTI_Callback	2
../Core/Src/main.c:431:6:HAL_TIM_PeriodElapsedCallback	6
../Core/Src/main.c:464:6:Error_Handler	1
